// Jest Snapshot v1, https://goo.gl/fbAQLP

exports[`EpisodePage renders correctlly 1`] = `
<main
  className="episode-page"
>
  <div
    className="episode-info"
  >
    <h1
      className="episode-title"
    >
      test episode name
    </h1>
    <div
      className="episode-description"
      dangerouslySetInnerHTML={
        Object {
          "__html": "test episode summary",
        }
      }
    />
  </div>
  <img
    alt="\\"test episode name\\" episode cover"
    className="episode-image"
    src="img.jpg"
  />
</main>
`;
